// Vitest Snapshot v1

exports[`match snapshot for full template 1 2`] = `
{
  "attributes": {
    ":color": "#000000",
    ":font-family": "Verdana, Geneva, sans-serif",
    ":line-height": "1.5",
    "a:color": "#0068A5",
    "button:background-color": "#e85034",
    "containerWidth": 680,
    "fonts": "Verdana, Geneva, sans-serif",
    "h1:color": "#000",
    "h1:font-family": "Verdana, Geneva, sans-serif",
    "h2:color": "#000",
    "h2:font-family": "Verdana, Geneva, sans-serif",
    "h3:color": "#000",
    "h3:font-family": "Verdana, Geneva, sans-serif",
    "mj-button": {
      "font-family": "Verdana, Geneva, sans-serif",
    },
    "mj-text": {
      "font-family": "Verdana, Geneva, sans-serif",
      "font-size": 15,
      "line-height": 1.5,
    },
  },
  "children": [
    {
      "attributes": {
        "background-color": "#FFFFFF",
        "containerWidth": 680,
      },
      "children": [
        {
          "attributes": {
            "background-color": "#fbdddd",
            "background-repeat": "no-repeat",
            "background-size": undefined,
            "background-url": "none",
            "css-class": undefined,
            "full-width": false,
            "in-group": false,
            "padding": "0px 0px 0px 0px",
          },
          "backgroundColor": null,
          "backgroundImage": null,
          "children": [
            {
              "attributes": {
                "background-color": "transparent",
                "border-bottom": "0px solid transparent",
                "border-left": "0px solid transparent",
                "border-right": "0px solid transparent",
                "border-top": "0px solid transparent",
                "padding": "5px 0px 5px 0px",
                "vertical-align": "top",
                "width": "33.333333333333336%",
              },
              "children": [
                {
                  "attributes": {
                    "border-color": "transparent",
                    "border-style": "solid",
                    "border-width": "0px",
                    "containerWidth": 226.66666666666666,
                    "css-class": "hide_on_mobile",
                    "padding": "10px 10px 10px 10px",
                    "padding-right": "10px",
                    "padding-top": "10px",
                  },
                  "tagName": "mj-divider",
                  "uid": "mocked-uuid",
                },
              ],
              "tagName": "mj-column",
              "uid": "mocked-uuid",
            },
            {
              "attributes": {
                "background-color": "transparent",
                "border-bottom": "0px solid transparent",
                "border-left": "0px solid transparent",
                "border-right": "0px solid transparent",
                "border-top": "0px solid transparent",
                "padding": "5px 0px 5px 0px",
                "vertical-align": "top",
                "width": "33.333333333333336%",
              },
              "children": [
                {
                  "attributes": {
                    "border-color": "transparent",
                    "border-style": "solid",
                    "border-width": "0px",
                    "containerWidth": 226.66666666666666,
                    "css-class": undefined,
                    "padding": "10px 10px 10px 10px",
                    "padding-right": "10px",
                    "padding-top": "10px",
                  },
                  "tagName": "mj-divider",
                  "uid": "mocked-uuid",
                },
                {
                  "attributes": {
                    "alt": "logo",
                    "containerWidth": 226.66666666666666,
                    "css-class": undefined,
                    "fluid-on-mobile": "false",
                    "href": "",
                    "padding": "0px 0px 5px 0px",
                    "src": "https://d1oco4z2z1fhwp.cloudfront.net/templates/default/2221/Your_Logo.png",
                    "width": "113.33333333333331px",
                  },
                  "tagName": "mj-image",
                  "uid": "mocked-uuid",
                },
              ],
              "tagName": "mj-column",
              "uid": "mocked-uuid",
            },
            {
              "attributes": {
                "background-color": "transparent",
                "border-bottom": "0px solid transparent",
                "border-left": "0px solid transparent",
                "border-right": "0px solid transparent",
                "border-top": "0px solid transparent",
                "padding": "5px 0px 5px 0px",
                "vertical-align": "top",
                "width": "33.333333333333336%",
              },
              "children": [
                {
                  "attributes": {
                    "border-color": "transparent",
                    "border-style": "solid",
                    "border-width": "0px",
                    "containerWidth": 226.66666666666666,
                    "css-class": "hide_on_mobile",
                    "padding": "10px 10px 10px 10px",
                    "padding-right": "10px",
                    "padding-top": "10px",
                  },
                  "tagName": "mj-divider",
                  "uid": "mocked-uuid",
                },
              ],
              "tagName": "mj-column",
              "uid": "mocked-uuid",
            },
          ],
          "layout": 1,
          "paddingBottom": 0,
          "paddingLeft": 0,
          "paddingRight": 0,
          "paddingTop": 0,
          "tagName": "mj-section",
          "uid": "mocked-uuid",
        },
        {
          "attributes": {
            "background-color": "#fbdddd",
            "background-repeat": "no-repeat",
            "background-size": undefined,
            "background-url": "none",
            "css-class": undefined,
            "full-width": false,
            "in-group": false,
            "padding": "0px 0px 0px 0px",
          },
          "backgroundColor": null,
          "backgroundImage": null,
          "children": [
            {
              "attributes": {
                "background-color": "transparent",
                "border-bottom": "0px solid transparent",
                "border-left": "0px solid transparent",
                "border-right": "0px solid transparent",
                "border-top": "0px solid transparent",
                "padding": "5px 0px 5px 0px",
                "vertical-align": "top",
                "width": "100%",
              },
              "children": [
                {
                  "attributes": {
                    "align": "left",
                    "containerWidth": 680,
                    "css-class": undefined,
                    "line-height": 1.2,
                    "padding": "10px 20px 15px 20px",
                  },
                  "content": "<div style=\\"color:#3f3a7d;\\"><div class=\\"txtTinyMce-wrapper\\" style=\\"line-height: 14px; font-size: 12px;\\" data-mce-style=\\"line-height: 14px; font-size: 12px;\\"><p style=\\"font-size: 14px; line-height: 16px; word-break: break-word; text-align: center;\\" data-mce-style=\\"font-size: 14px; line-height: 16px; word-break: break-word; text-align: center;\\"><span style=\\"font-size: 38px; line-height: 45px;\\" data-mce-style=\\"font-size: 38px; line-height: 45px;\\"><strong>Good Times</strong></span></p><p style=\\"font-size: 14px; line-height: 16px; word-break: break-word; text-align: center;\\" data-mce-style=\\"font-size: 14px; line-height: 16px; word-break: break-word; text-align: center;\\"><span style=\\"font-size: 38px; line-height: 45px;\\" data-mce-style=\\"font-size: 38px; line-height: 45px;\\"><strong>Good Memories</strong></span></p></div></div>",
                  "tagName": "mj-text",
                  "uid": "mocked-uuid",
                },
                {
                  "attributes": {
                    "align": "left",
                    "containerWidth": 680,
                    "css-class": undefined,
                    "line-height": 2,
                    "padding": "0px 20px 10px 20px",
                  },
                  "content": "<div style=\\"color:#76739a;\\"><div class=\\"txtTinyMce-wrapper\\" style=\\"line-height: 24px; font-size: 12px;\\" data-mce-style=\\"line-height: 24px; font-size: 12px;\\"><p style=\\"font-size: 14px; line-height: 28px; word-break: break-word; text-align: center;\\" data-mce-style=\\"font-size: 14px; line-height: 28px; word-break: break-word; text-align: center;\\"><span style=\\"line-height: 24px;\\" data-mce-style=\\"line-height: 24px;\\">Lorem ipsum dolor sit amet, consectetuer adipiscing elit. </span></p><p style=\\"font-size: 14px; line-height: 28px; word-break: break-word; text-align: center;\\" data-mce-style=\\"font-size: 14px; line-height: 28px; word-break: break-word; text-align: center;\\"><span style=\\"line-height: 24px;\\" data-mce-style=\\"line-height: 24px;\\">Aenean commodo ligula eget dolor. Aenean massa. </span></p></div></div>",
                  "tagName": "mj-text",
                  "uid": "mocked-uuid",
                },
                {
                  "attributes": {
                    "border-color": "transparent",
                    "border-style": "solid",
                    "border-width": "0px",
                    "containerWidth": 680,
                    "css-class": undefined,
                    "padding": "10px 10px 10px 10px",
                    "padding-right": "10px",
                    "padding-top": "10px",
                  },
                  "tagName": "mj-divider",
                  "uid": "mocked-uuid",
                },
                {
                  "attributes": {
                    "alt": "Social Media Hero Image",
                    "containerWidth": 680,
                    "css-class": undefined,
                    "fluid-on-mobile": "false",
                    "href": "",
                    "padding": "0px 0px 0px 0px",
                    "src": "https://d1oco4z2z1fhwp.cloudfront.net/templates/default/2221/Social_Media.png",
                    "width": "680px",
                  },
                  "tagName": "mj-image",
                  "uid": "mocked-uuid",
                },
                {
                  "attributes": {
                    "border-color": "transparent",
                    "border-style": "solid",
                    "border-width": "0px",
                    "containerWidth": 680,
                    "css-class": undefined,
                    "padding": "10px 10px 10px 10px",
                    "padding-right": "10px",
                    "padding-top": "10px",
                  },
                  "tagName": "mj-divider",
                  "uid": "mocked-uuid",
                },
              ],
              "tagName": "mj-column",
              "uid": "mocked-uuid",
            },
          ],
          "layout": 1,
          "paddingBottom": 0,
          "paddingLeft": 0,
          "paddingRight": 0,
          "paddingTop": 0,
          "tagName": "mj-section",
          "uid": "mocked-uuid",
        },
        {
          "attributes": {
            "background-color": "#ffacac",
            "background-repeat": "no-repeat",
            "background-size": undefined,
            "background-url": "none",
            "css-class": undefined,
            "full-width": false,
            "in-group": false,
            "padding": "0px 0px 0px 0px",
          },
          "backgroundColor": null,
          "backgroundImage": null,
          "children": [
            {
              "attributes": {
                "background-color": "transparent",
                "border-bottom": "0px solid transparent",
                "border-left": "0px solid transparent",
                "border-right": "0px solid transparent",
                "border-top": "0px solid transparent",
                "padding": "5px 0px 5px 0px",
                "vertical-align": "top",
                "width": "100%",
              },
              "children": [
                {
                  "attributes": {
                    "border-color": "transparent",
                    "border-style": "solid",
                    "border-width": "0px",
                    "containerWidth": 680,
                    "css-class": undefined,
                    "padding": "10px 10px 10px 10px",
                    "padding-right": "10px",
                    "padding-top": "10px",
                  },
                  "tagName": "mj-divider",
                  "uid": "mocked-uuid",
                },
                {
                  "attributes": {
                    "align": "left",
                    "containerWidth": 680,
                    "css-class": undefined,
                    "line-height": 1.2,
                    "padding": "10px 20px 10px 20px",
                  },
                  "content": "<div style=\\"color:#3f3a7d;\\"><div class=\\"txtTinyMce-wrapper\\" style=\\"line-height: 14px; font-size: 12px;\\" data-mce-style=\\"line-height: 14px; font-size: 12px;\\"><p style=\\"font-size: 14px; line-height: 16px; word-break: break-word;\\" data-mce-style=\\"font-size: 14px; line-height: 16px; word-break: break-word;\\">Lorem ipsum dolor sit amet.</p></div></div>",
                  "tagName": "mj-text",
                  "uid": "mocked-uuid",
                },
                {
                  "attributes": {
                    "align": "left",
                    "containerWidth": 680,
                    "css-class": undefined,
                    "line-height": 1.2,
                    "padding": "10px 20px 10px 20px",
                  },
                  "content": "<div style=\\"color:#ffffff;\\"><div class=\\"txtTinyMce-wrapper\\" style=\\"line-height: 14px; font-size: 12px;\\" data-mce-style=\\"line-height: 14px; font-size: 12px;\\"><p style=\\"font-size: 14px; line-height: 16px; word-break: break-word;\\" data-mce-style=\\"font-size: 14px; line-height: 16px; word-break: break-word;\\"><span style=\\"font-size: 38px; line-height: 45px;\\" data-mce-style=\\"font-size: 38px; line-height: 45px;\\"><strong>Your Followers </strong></span></p><p style=\\"font-size: 14px; line-height: 16px; word-break: break-word;\\" data-mce-style=\\"font-size: 14px; line-height: 16px; word-break: break-word;\\"><span style=\\"font-size: 38px; line-height: 45px;\\" data-mce-style=\\"font-size: 38px; line-height: 45px;\\"><strong>Loved Your Activities</strong></span></p></div></div>",
                  "tagName": "mj-text",
                  "uid": "mocked-uuid",
                },
              ],
              "tagName": "mj-column",
              "uid": "mocked-uuid",
            },
          ],
          "layout": 1,
          "paddingBottom": 0,
          "paddingLeft": 0,
          "paddingRight": 0,
          "paddingTop": 0,
          "tagName": "mj-section",
          "uid": "mocked-uuid",
        },
        {
          "attributes": {
            "background-color": "#ffacac",
            "background-repeat": "no-repeat",
            "background-size": undefined,
            "background-url": "none",
            "css-class": undefined,
            "full-width": false,
            "in-group": false,
            "padding": "0px 0px 0px 0px",
          },
          "backgroundColor": null,
          "backgroundImage": null,
          "children": [
            {
              "attributes": {
                "background-color": "transparent",
                "border-bottom": "0px solid transparent",
                "border-left": "0px solid transparent",
                "border-right": "0px solid transparent",
                "border-top": "0px solid transparent",
                "padding": "5px 0px 5px 0px",
                "vertical-align": "top",
                "width": "33.333333333333336%",
              },
              "children": [
                {
                  "attributes": {
                    "alt": "Follower illustration ",
                    "containerWidth": 226.66666666666666,
                    "css-class": undefined,
                    "fluid-on-mobile": "true",
                    "href": "",
                    "padding": "10px 10px 10px 10px",
                    "src": "https://d1oco4z2z1fhwp.cloudfront.net/templates/default/2221/Follow_Us.png",
                    "width": "206.66666666666666px",
                  },
                  "tagName": "mj-image",
                  "uid": "mocked-uuid",
                },
                {
                  "attributes": {
                    "align": "left",
                    "containerWidth": 226.66666666666666,
                    "css-class": undefined,
                    "line-height": 1.2,
                    "padding": "10px 10px 10px 10px",
                  },
                  "content": "<div style=\\"color:#ffffff;\\"><div class=\\"txtTinyMce-wrapper\\" style=\\"line-height: 14px; font-size: 12px;\\" data-mce-style=\\"line-height: 14px; font-size: 12px;\\"><p style=\\"font-size: 14px; line-height: 16px; word-break: break-word; text-align: center;\\" data-mce-style=\\"font-size: 14px; line-height: 16px; word-break: break-word; text-align: center;\\"><strong>Followers</strong></p></div></div>",
                  "tagName": "mj-text",
                  "uid": "mocked-uuid",
                },
                {
                  "attributes": {
                    "align": "left",
                    "containerWidth": 226.66666666666666,
                    "css-class": undefined,
                    "line-height": 1.2,
                    "padding": "10px 10px 10px 10px",
                  },
                  "content": "<div style=\\"color:#3f3a7d;\\"><div class=\\"txtTinyMce-wrapper\\" style=\\"line-height: 14px; font-size: 12px;\\" data-mce-style=\\"line-height: 14px; font-size: 12px;\\"><p style=\\"font-size: 14px; line-height: 16px; word-break: break-word; text-align: center;\\" data-mce-style=\\"font-size: 14px; line-height: 16px; word-break: break-word; text-align: center;\\"><span style=\\"font-size: 30px; line-height: 36px;\\" data-mce-style=\\"font-size: 30px; line-height: 36px;\\"><strong>1.9M</strong></span></p></div></div>",
                  "tagName": "mj-text",
                  "uid": "mocked-uuid",
                },
              ],
              "tagName": "mj-column",
              "uid": "mocked-uuid",
            },
            {
              "attributes": {
                "background-color": "transparent",
                "border-bottom": "0px solid transparent",
                "border-left": "0px solid transparent",
                "border-right": "0px solid transparent",
                "border-top": "0px solid transparent",
                "padding": "5px 0px 5px 0px",
                "vertical-align": "top",
                "width": "33.333333333333336%",
              },
              "children": [
                {
                  "attributes": {
                    "alt": "Post illustration ",
                    "containerWidth": 226.66666666666666,
                    "css-class": undefined,
                    "fluid-on-mobile": "true",
                    "href": "",
                    "padding": "10px 10px 10px 10px",
                    "src": "https://d1oco4z2z1fhwp.cloudfront.net/templates/default/2221/new_post_1.png",
                    "width": "206.66666666666666px",
                  },
                  "tagName": "mj-image",
                  "uid": "mocked-uuid",
                },
                {
                  "attributes": {
                    "align": "left",
                    "containerWidth": 226.66666666666666,
                    "css-class": undefined,
                    "line-height": 1.2,
                    "padding": "10px 10px 10px 10px",
                  },
                  "content": "<div style=\\"color:#ffffff;\\"><div class=\\"txtTinyMce-wrapper\\" style=\\"line-height: 14px; font-size: 12px;\\" data-mce-style=\\"line-height: 14px; font-size: 12px;\\"><p style=\\"font-size: 14px; line-height: 16px; word-break: break-word; text-align: center;\\" data-mce-style=\\"font-size: 14px; line-height: 16px; word-break: break-word; text-align: center;\\"><strong>Posts</strong></p></div></div>",
                  "tagName": "mj-text",
                  "uid": "mocked-uuid",
                },
                {
                  "attributes": {
                    "align": "left",
                    "containerWidth": 226.66666666666666,
                    "css-class": undefined,
                    "line-height": 1.2,
                    "padding": "10px 10px 10px 10px",
                  },
                  "content": "<div style=\\"color:#3f3a7d;\\"><div class=\\"txtTinyMce-wrapper\\" style=\\"line-height: 14px; font-size: 12px;\\" data-mce-style=\\"line-height: 14px; font-size: 12px;\\"><p style=\\"font-size: 14px; line-height: 16px; word-break: break-word; text-align: center;\\" data-mce-style=\\"font-size: 14px; line-height: 16px; word-break: break-word; text-align: center;\\"><span style=\\"font-size: 30px; line-height: 36px;\\" data-mce-style=\\"font-size: 30px; line-height: 36px;\\"><strong>120</strong></span></p></div></div>",
                  "tagName": "mj-text",
                  "uid": "mocked-uuid",
                },
              ],
              "tagName": "mj-column",
              "uid": "mocked-uuid",
            },
            {
              "attributes": {
                "background-color": "transparent",
                "border-bottom": "0px solid transparent",
                "border-left": "0px solid transparent",
                "border-right": "0px solid transparent",
                "border-top": "0px solid transparent",
                "padding": "5px 0px 5px 0px",
                "vertical-align": "top",
                "width": "33.333333333333336%",
              },
              "children": [
                {
                  "attributes": {
                    "alt": "Photo illustration ",
                    "containerWidth": 226.66666666666666,
                    "css-class": undefined,
                    "fluid-on-mobile": "true",
                    "href": "",
                    "padding": "10px 10px 10px 10px",
                    "src": "https://d1oco4z2z1fhwp.cloudfront.net/templates/default/2221/new_photo.png",
                    "width": "192.66666666666663px",
                  },
                  "tagName": "mj-image",
                  "uid": "mocked-uuid",
                },
                {
                  "attributes": {
                    "align": "left",
                    "containerWidth": 226.66666666666666,
                    "css-class": undefined,
                    "line-height": 1.2,
                    "padding": "10px 10px 10px 10px",
                  },
                  "content": "<div style=\\"color:#ffffff;\\"><div class=\\"txtTinyMce-wrapper\\" style=\\"line-height: 14px; font-size: 12px;\\" data-mce-style=\\"line-height: 14px; font-size: 12px;\\"><p style=\\"font-size: 14px; line-height: 16px; word-break: break-word; text-align: center;\\" data-mce-style=\\"font-size: 14px; line-height: 16px; word-break: break-word; text-align: center;\\"><strong>Photos</strong></p></div></div>",
                  "tagName": "mj-text",
                  "uid": "mocked-uuid",
                },
                {
                  "attributes": {
                    "align": "left",
                    "containerWidth": 226.66666666666666,
                    "css-class": undefined,
                    "line-height": 1.2,
                    "padding": "10px 10px 10px 10px",
                  },
                  "content": "<div style=\\"color:#3f3a7d;\\"><div class=\\"txtTinyMce-wrapper\\" style=\\"line-height: 14px; font-size: 12px;\\" data-mce-style=\\"line-height: 14px; font-size: 12px;\\"><p style=\\"font-size: 14px; line-height: 16px; word-break: break-word; text-align: center;\\" data-mce-style=\\"font-size: 14px; line-height: 16px; word-break: break-word; text-align: center;\\"><span style=\\"font-size: 30px; line-height: 36px;\\" data-mce-style=\\"font-size: 30px; line-height: 36px;\\"><strong>85</strong></span></p></div></div>",
                  "tagName": "mj-text",
                  "uid": "mocked-uuid",
                },
              ],
              "tagName": "mj-column",
              "uid": "mocked-uuid",
            },
          ],
          "layout": 1,
          "paddingBottom": 0,
          "paddingLeft": 0,
          "paddingRight": 0,
          "paddingTop": 0,
          "tagName": "mj-section",
          "uid": "mocked-uuid",
        },
        {
          "attributes": {
            "background-color": "#ffacac",
            "background-repeat": "no-repeat",
            "background-size": undefined,
            "background-url": "none",
            "css-class": undefined,
            "full-width": false,
            "in-group": false,
            "padding": "0px 0px 0px 0px",
          },
          "backgroundColor": null,
          "backgroundImage": null,
          "children": [
            {
              "attributes": {
                "background-color": "transparent",
                "border-bottom": "0px solid transparent",
                "border-left": "0px solid transparent",
                "border-right": "0px solid transparent",
                "border-top": "0px solid transparent",
                "padding": "5px 0px 5px 0px",
                "vertical-align": "top",
                "width": "100%",
              },
              "children": [
                {
                  "attributes": {
                    "border-color": "transparent",
                    "border-style": "solid",
                    "border-width": "0px",
                    "containerWidth": 680,
                    "css-class": undefined,
                    "padding": "10px 10px 10px 10px",
                    "padding-right": "10px",
                    "padding-top": "10px",
                  },
                  "tagName": "mj-divider",
                  "uid": "mocked-uuid",
                },
              ],
              "tagName": "mj-column",
              "uid": "mocked-uuid",
            },
          ],
          "layout": 1,
          "paddingBottom": 0,
          "paddingLeft": 0,
          "paddingRight": 0,
          "paddingTop": 0,
          "tagName": "mj-section",
          "uid": "mocked-uuid",
        },
        {
          "attributes": {
            "background-color": "#8785a2",
            "background-repeat": "no-repeat",
            "background-size": undefined,
            "background-url": "none",
            "css-class": undefined,
            "full-width": false,
            "in-group": false,
            "padding": "0px 0px 0px 0px",
          },
          "backgroundColor": null,
          "backgroundImage": null,
          "children": [
            {
              "attributes": {
                "background-color": "transparent",
                "border-bottom": "0px solid transparent",
                "border-left": "0px solid transparent",
                "border-right": "0px solid transparent",
                "border-top": "0px solid transparent",
                "padding": "5px 0px 5px 0px",
                "vertical-align": "top",
                "width": "50%",
              },
              "children": [
                {
                  "attributes": {
                    "border-color": "transparent",
                    "border-style": "solid",
                    "border-width": "0px",
                    "containerWidth": 340,
                    "css-class": undefined,
                    "padding": "10px 10px 10px 10px",
                    "padding-right": "10px",
                    "padding-top": "10px",
                  },
                  "tagName": "mj-divider",
                  "uid": "mocked-uuid",
                },
                {
                  "attributes": {
                    "align": "left",
                    "containerWidth": 340,
                    "css-class": undefined,
                    "line-height": 1.2,
                    "padding": "10px 20px 10px 20px",
                  },
                  "content": "<div style=\\"color:#ffffff;\\"><div class=\\"txtTinyMce-wrapper\\" style=\\"line-height: 14px; font-size: 12px;\\" data-mce-style=\\"line-height: 14px; font-size: 12px;\\"><p style=\\"font-size: 14px; line-height: 16px; word-break: break-word;\\" data-mce-style=\\"font-size: 14px; line-height: 16px; word-break: break-word;\\"><span style=\\"font-size: 38px; line-height: 45px;\\" data-mce-style=\\"font-size: 38px; line-height: 45px;\\"><strong>Top Videos Voted by Your Followers</strong></span></p></div></div>",
                  "tagName": "mj-text",
                  "uid": "mocked-uuid",
                },
                {
                  "attributes": {
                    "border-color": "#FFACAC",
                    "border-style": "solid",
                    "border-width": "2px",
                    "containerWidth": 340,
                    "css-class": undefined,
                    "padding": "10px 10px 10px 20px",
                    "padding-right": "10px",
                    "padding-top": "10px",
                  },
                  "tagName": "mj-divider",
                  "uid": "mocked-uuid",
                },
              ],
              "tagName": "mj-column",
              "uid": "mocked-uuid",
            },
            {
              "attributes": {
                "background-color": "transparent",
                "border-bottom": "0px solid transparent",
                "border-left": "0px solid transparent",
                "border-right": "0px solid transparent",
                "border-top": "0px solid transparent",
                "padding": "5px 0px 5px 0px",
                "vertical-align": "top",
                "width": "50%",
              },
              "children": [
                {
                  "attributes": {
                    "border-color": "transparent",
                    "border-style": "solid",
                    "border-width": "0px",
                    "containerWidth": 340,
                    "css-class": "hide_on_mobile",
                    "padding": "10px 10px 10px 10px",
                    "padding-right": "10px",
                    "padding-top": "10px",
                  },
                  "tagName": "mj-divider",
                  "uid": "mocked-uuid",
                },
              ],
              "tagName": "mj-column",
              "uid": "mocked-uuid",
            },
          ],
          "layout": 1,
          "paddingBottom": 0,
          "paddingLeft": 0,
          "paddingRight": 0,
          "paddingTop": 0,
          "tagName": "mj-section",
          "uid": "mocked-uuid",
        },
        {
          "attributes": {
            "background-color": "#8785a2",
            "background-repeat": "no-repeat",
            "background-size": undefined,
            "background-url": "none",
            "css-class": undefined,
            "full-width": false,
            "in-group": false,
            "padding": "0px 0px 0px 0px",
          },
          "backgroundColor": null,
          "backgroundImage": null,
          "children": [
            {
              "attributes": {
                "background-color": "transparent",
                "border-bottom": "0px solid transparent",
                "border-left": "0px solid transparent",
                "border-right": "0px solid transparent",
                "border-top": "0px solid transparent",
                "padding": "10px 10px 10px 10px",
                "vertical-align": "top",
                "width": "50%",
              },
              "children": [
                {
                  "attributes": {
                    "border-color": "transparent",
                    "border-style": "solid",
                    "border-width": "0px",
                    "containerWidth": 340,
                    "css-class": undefined,
                    "padding": "10px 10px 10px 10px",
                    "padding-right": "10px",
                    "padding-top": "10px",
                  },
                  "tagName": "mj-divider",
                  "uid": "mocked-uuid",
                },
                {
                  "attributes": {
                    "alt": "Video of memories",
                    "containerWidth": 340,
                    "css-class": undefined,
                    "fluid-on-mobile": "true",
                    "href": "",
                    "padding": "0px 0px 0px 0px",
                    "src": "https://d1oco4z2z1fhwp.cloudfront.net/templates/default/2221/Video_1.png",
                    "width": "263px",
                  },
                  "tagName": "mj-image",
                  "uid": "mocked-uuid",
                },
                {
                  "attributes": {
                    "align": "left",
                    "containerWidth": 340,
                    "css-class": undefined,
                    "line-height": 1.2,
                    "padding": "15px 10px 10px 20px",
                  },
                  "content": "<div style=\\"color:#ffacac;\\"><div class=\\"txtTinyMce-wrapper\\" style=\\"line-height: 14px; font-size: 12px;\\" data-mce-style=\\"line-height: 14px; font-size: 12px;\\"><p style=\\"font-size: 14px; line-height: 16px; word-break: break-word;\\" data-mce-style=\\"font-size: 14px; line-height: 16px; word-break: break-word;\\"><span style=\\"font-size: 16px; line-height: 19px;\\" data-mce-style=\\"font-size: 16px; line-height: 19px;\\"><strong>Followers</strong></span></p></div></div>",
                  "tagName": "mj-text",
                  "uid": "mocked-uuid",
                },
                {
                  "attributes": {
                    "align": "left",
                    "containerWidth": 340,
                    "css-class": undefined,
                    "line-height": 2,
                    "padding": "0px 10px 10px 20px",
                  },
                  "content": "<div style=\\"color:#ffffff;\\"><div class=\\"txtTinyMce-wrapper\\" style=\\"line-height: 24px; font-size: 12px;\\" data-mce-style=\\"line-height: 24px; font-size: 12px;\\"><p style=\\"font-size: 14px; line-height: 28px; word-break: break-word;\\" data-mce-style=\\"font-size: 14px; line-height: 28px; word-break: break-word;\\"><span style=\\"line-height: 24px;\\" data-mce-style=\\"line-height: 24px;\\">Lorem Ipsum is simply dummy text of the printing and.</span></p></div></div>",
                  "tagName": "mj-text",
                  "uid": "mocked-uuid",
                },
                {
                  "attributes": {
                    "border-color": "transparent",
                    "border-style": "solid",
                    "border-width": "0px",
                    "containerWidth": 340,
                    "css-class": "hide_on_mobile",
                    "padding": "10px 10px 10px 10px",
                    "padding-right": "10px",
                    "padding-top": "10px",
                  },
                  "tagName": "mj-divider",
                  "uid": "mocked-uuid",
                },
              ],
              "tagName": "mj-column",
              "uid": "mocked-uuid",
            },
            {
              "attributes": {
                "background-color": "transparent",
                "border-bottom": "0px solid transparent",
                "border-left": "0px solid transparent",
                "border-right": "0px solid transparent",
                "border-top": "0px solid transparent",
                "padding": "10px 10px 10px 10px",
                "vertical-align": "top",
                "width": "50%",
              },
              "children": [
                {
                  "attributes": {
                    "alt": "Video of memories",
                    "containerWidth": 340,
                    "css-class": undefined,
                    "fluid-on-mobile": "false",
                    "href": "",
                    "padding": "0px 0px 0px 0px",
                    "src": "https://d1oco4z2z1fhwp.cloudfront.net/templates/default/2221/Video_2.png",
                    "width": "376.6666666666667px",
                  },
                  "tagName": "mj-image",
                  "uid": "mocked-uuid",
                },
                {
                  "attributes": {
                    "align": "left",
                    "containerWidth": 340,
                    "css-class": undefined,
                    "line-height": 1.2,
                    "padding": "15px 10px 10px 20px",
                  },
                  "content": "<div style=\\"color:#ffacac;\\"><div class=\\"txtTinyMce-wrapper\\" style=\\"line-height: 14px; font-size: 12px;\\" data-mce-style=\\"line-height: 14px; font-size: 12px;\\"><p style=\\"font-size: 14px; line-height: 16px; word-break: break-word;\\" data-mce-style=\\"font-size: 14px; line-height: 16px; word-break: break-word;\\"><span style=\\"font-size: 16px; line-height: 19px;\\" data-mce-style=\\"font-size: 16px; line-height: 19px;\\"><strong>Followers</strong></span></p></div></div>",
                  "tagName": "mj-text",
                  "uid": "mocked-uuid",
                },
                {
                  "attributes": {
                    "align": "left",
                    "containerWidth": 340,
                    "css-class": undefined,
                    "line-height": 2,
                    "padding": "0px 20px 10px 20px",
                  },
                  "content": "<div style=\\"color:#ffffff;\\"><div class=\\"txtTinyMce-wrapper\\" style=\\"line-height: 24px; font-size: 12px;\\" data-mce-style=\\"line-height: 24px; font-size: 12px;\\"><p style=\\"font-size: 14px; line-height: 28px; word-break: break-word;\\" data-mce-style=\\"font-size: 14px; line-height: 28px; word-break: break-word;\\"><span style=\\"line-height: 24px;\\" data-mce-style=\\"line-height: 24px;\\">Lorem Ipsum is simply dummy text of the printing and typesetting industry.</span></p></div></div>",
                  "tagName": "mj-text",
                  "uid": "mocked-uuid",
                },
              ],
              "tagName": "mj-column",
              "uid": "mocked-uuid",
            },
          ],
          "layout": 1,
          "paddingBottom": 0,
          "paddingLeft": 0,
          "paddingRight": 0,
          "paddingTop": 0,
          "tagName": "mj-section",
          "uid": "mocked-uuid",
        },
        {
          "attributes": {
            "background-color": "#8785a2",
            "background-repeat": "no-repeat",
            "background-size": undefined,
            "background-url": "none",
            "css-class": undefined,
            "full-width": false,
            "in-group": false,
            "padding": "0px 0px 0px 0px",
          },
          "backgroundColor": null,
          "backgroundImage": null,
          "children": [
            {
              "attributes": {
                "background-color": "transparent",
                "border-bottom": "0px solid transparent",
                "border-left": "0px solid transparent",
                "border-right": "0px solid transparent",
                "border-top": "0px solid transparent",
                "padding": "5px 0px 5px 0px",
                "vertical-align": "top",
                "width": "100%",
              },
              "children": [
                {
                  "attributes": {
                    "border-color": "transparent",
                    "border-style": "solid",
                    "border-width": "0px",
                    "containerWidth": 680,
                    "css-class": undefined,
                    "padding": "10px 10px 10px 10px",
                    "padding-right": "10px",
                    "padding-top": "10px",
                  },
                  "tagName": "mj-divider",
                  "uid": "mocked-uuid",
                },
              ],
              "tagName": "mj-column",
              "uid": "mocked-uuid",
            },
          ],
          "layout": 1,
          "paddingBottom": 0,
          "paddingLeft": 0,
          "paddingRight": 0,
          "paddingTop": 0,
          "tagName": "mj-section",
          "uid": "mocked-uuid",
        },
        {
          "attributes": {
            "background-color": "#9896bd",
            "background-repeat": "no-repeat",
            "background-size": undefined,
            "background-url": "none",
            "css-class": undefined,
            "full-width": false,
            "in-group": false,
            "padding": "0px 0px 0px 0px",
          },
          "backgroundColor": null,
          "backgroundImage": null,
          "children": [
            {
              "attributes": {
                "background-color": "transparent",
                "border-bottom": "0px solid transparent",
                "border-left": "0px solid transparent",
                "border-right": "0px solid transparent",
                "border-top": "0px solid transparent",
                "padding": "5px 0px 5px 0px",
                "vertical-align": "top",
                "width": "50%",
              },
              "children": [
                {
                  "attributes": {
                    "border-color": "transparent",
                    "border-style": "solid",
                    "border-width": "0px",
                    "containerWidth": 340,
                    "css-class": undefined,
                    "padding": "10px 10px 10px 10px",
                    "padding-right": "10px",
                    "padding-top": "10px",
                  },
                  "tagName": "mj-divider",
                  "uid": "mocked-uuid",
                },
                {
                  "attributes": {
                    "align": "left",
                    "containerWidth": 340,
                    "css-class": undefined,
                    "line-height": 1.2,
                    "padding": "10px 20px 10px 20px",
                  },
                  "content": "<div style=\\"color:#ffffff;\\"><div class=\\"txtTinyMce-wrapper\\" style=\\"line-height: 14px; font-size: 12px;\\" data-mce-style=\\"line-height: 14px; font-size: 12px;\\"><p style=\\"font-size: 14px; line-height: 16px; word-break: break-word;\\" data-mce-style=\\"font-size: 14px; line-height: 16px; word-break: break-word;\\"><span style=\\"font-size: 38px; line-height: 45px;\\" data-mce-style=\\"font-size: 38px; line-height: 45px;\\"><strong>Top Pictures Voted by Your Followers</strong></span></p></div></div>",
                  "tagName": "mj-text",
                  "uid": "mocked-uuid",
                },
                {
                  "attributes": {
                    "border-color": "#FFACAC",
                    "border-style": "solid",
                    "border-width": "2px",
                    "containerWidth": 340,
                    "css-class": undefined,
                    "padding": "10px 10px 10px 20px",
                    "padding-right": "10px",
                    "padding-top": "10px",
                  },
                  "tagName": "mj-divider",
                  "uid": "mocked-uuid",
                },
              ],
              "tagName": "mj-column",
              "uid": "mocked-uuid",
            },
            {
              "attributes": {
                "background-color": "transparent",
                "border-bottom": "0px solid transparent",
                "border-left": "0px solid transparent",
                "border-right": "0px solid transparent",
                "border-top": "0px solid transparent",
                "padding": "5px 0px 5px 0px",
                "vertical-align": "top",
                "width": "50%",
              },
              "children": [
                {
                  "attributes": {
                    "border-color": "transparent",
                    "border-style": "solid",
                    "border-width": "0px",
                    "containerWidth": 340,
                    "css-class": "hide_on_mobile",
                    "padding": "10px 10px 10px 10px",
                    "padding-right": "10px",
                    "padding-top": "10px",
                  },
                  "tagName": "mj-divider",
                  "uid": "mocked-uuid",
                },
              ],
              "tagName": "mj-column",
              "uid": "mocked-uuid",
            },
          ],
          "layout": 1,
          "paddingBottom": 0,
          "paddingLeft": 0,
          "paddingRight": 0,
          "paddingTop": 0,
          "tagName": "mj-section",
          "uid": "mocked-uuid",
        },
        {
          "attributes": {
            "background-color": "#9896bd",
            "background-repeat": "no-repeat",
            "background-size": undefined,
            "background-url": "none",
            "css-class": undefined,
            "full-width": false,
            "in-group": false,
            "padding": "0px 0px 0px 0px",
          },
          "backgroundColor": null,
          "backgroundImage": null,
          "children": [
            {
              "attributes": {
                "background-color": "transparent",
                "border-bottom": "0px solid transparent",
                "border-left": "0px solid transparent",
                "border-right": "0px solid transparent",
                "border-top": "0px solid transparent",
                "padding": "10px 10px 10px 10px",
                "vertical-align": "top",
                "width": "50%",
              },
              "children": [
                {
                  "attributes": {
                    "alt": "Girl looking ",
                    "containerWidth": 340,
                    "css-class": undefined,
                    "fluid-on-mobile": "true",
                    "href": "www.example.com",
                    "padding": "0px 0px 0px 0px",
                    "src": "https://d1oco4z2z1fhwp.cloudfront.net/templates/default/2221/girl_pink_afro.png",
                    "width": "320px",
                  },
                  "tagName": "mj-image",
                  "uid": "mocked-uuid",
                },
                {
                  "attributes": {
                    "border-color": "transparent",
                    "border-style": "solid",
                    "border-width": "0px",
                    "containerWidth": 340,
                    "css-class": undefined,
                    "padding": "10px 10px 10px 10px",
                    "padding-right": "10px",
                    "padding-top": "10px",
                  },
                  "tagName": "mj-divider",
                  "uid": "mocked-uuid",
                },
                {
                  "attributes": {
                    "alt": "man looking at sea",
                    "containerWidth": 340,
                    "css-class": undefined,
                    "fluid-on-mobile": "true",
                    "href": "www.example.com",
                    "padding": "0px 0px 0px 0px",
                    "src": "https://d1oco4z2z1fhwp.cloudfront.net/templates/default/2221/boy_sitting.png",
                    "width": "320px",
                  },
                  "tagName": "mj-image",
                  "uid": "mocked-uuid",
                },
              ],
              "tagName": "mj-column",
              "uid": "mocked-uuid",
            },
            {
              "attributes": {
                "background-color": "transparent",
                "border-bottom": "0px solid transparent",
                "border-left": "0px solid transparent",
                "border-right": "0px solid transparent",
                "border-top": "0px solid transparent",
                "padding": "10px 10px 10px 10px",
                "vertical-align": "top",
                "width": "50%",
              },
              "children": [
                {
                  "attributes": {
                    "alt": "floating on water",
                    "containerWidth": 340,
                    "css-class": undefined,
                    "fluid-on-mobile": "true",
                    "href": "www.example.com",
                    "padding": "0px 0px 0px 0px",
                    "src": "https://d1oco4z2z1fhwp.cloudfront.net/templates/default/2221/sunglasses.png",
                    "width": "320px",
                  },
                  "tagName": "mj-image",
                  "uid": "mocked-uuid",
                },
                {
                  "attributes": {
                    "border-color": "transparent",
                    "border-style": "solid",
                    "border-width": "0px",
                    "containerWidth": 340,
                    "css-class": undefined,
                    "padding": "10px 10px 10px 10px",
                    "padding-right": "10px",
                    "padding-top": "10px",
                  },
                  "tagName": "mj-divider",
                  "uid": "mocked-uuid",
                },
                {
                  "attributes": {
                    "alt": "girl with yellow jumper",
                    "containerWidth": 340,
                    "css-class": undefined,
                    "fluid-on-mobile": "true",
                    "href": "www.example.com",
                    "padding": "0px 0px 0px 0px",
                    "src": "https://d1oco4z2z1fhwp.cloudfront.net/templates/default/2221/girl_yellow_shirt.png",
                    "width": "320px",
                  },
                  "tagName": "mj-image",
                  "uid": "mocked-uuid",
                },
              ],
              "tagName": "mj-column",
              "uid": "mocked-uuid",
            },
          ],
          "layout": 1,
          "paddingBottom": 0,
          "paddingLeft": 0,
          "paddingRight": 0,
          "paddingTop": 0,
          "tagName": "mj-section",
          "uid": "mocked-uuid",
        },
        {
          "attributes": {
            "background-color": "#fbdddd",
            "background-repeat": "no-repeat",
            "background-size": undefined,
            "background-url": "none",
            "css-class": undefined,
            "full-width": false,
            "in-group": false,
            "padding": "0px 0px 0px 0px",
          },
          "backgroundColor": null,
          "backgroundImage": null,
          "children": [
            {
              "attributes": {
                "background-color": "transparent",
                "border-bottom": "0px solid transparent",
                "border-left": "0px solid transparent",
                "border-right": "0px solid transparent",
                "border-top": "0px solid transparent",
                "padding": "5px 0px 5px 0px",
                "vertical-align": "top",
                "width": "100%",
              },
              "children": [
                {
                  "attributes": {
                    "border-color": "transparent",
                    "border-style": "solid",
                    "border-width": "0px",
                    "containerWidth": 680,
                    "css-class": undefined,
                    "padding": "10px 10px 10px 10px",
                    "padding-right": "10px",
                    "padding-top": "10px",
                  },
                  "tagName": "mj-divider",
                  "uid": "mocked-uuid",
                },
                {
                  "attributes": {
                    "align": "left",
                    "containerWidth": 680,
                    "css-class": undefined,
                    "line-height": 1.2,
                    "padding": "10px 20px 10px 20px",
                  },
                  "content": "<div style=\\"color:#3f3a7d;\\"><div class=\\"txtTinyMce-wrapper\\" style=\\"line-height: 14px; font-size: 12px;\\" data-mce-style=\\"line-height: 14px; font-size: 12px;\\"><p style=\\"font-size: 14px; line-height: 16px; word-break: break-word; text-align: center;\\" data-mce-style=\\"font-size: 14px; line-height: 16px; word-break: break-word; text-align: center;\\"><span style=\\"font-size: 38px; line-height: 45px;\\" data-mce-style=\\"font-size: 38px; line-height: 45px;\\"><strong>Expand your network </strong></span></p><p style=\\"font-size: 14px; line-height: 16px; word-break: break-word; text-align: center;\\" data-mce-style=\\"font-size: 14px; line-height: 16px; word-break: break-word; text-align: center;\\"><span style=\\"font-size: 38px; line-height: 45px;\\" data-mce-style=\\"font-size: 38px; line-height: 45px;\\"><strong>on the go</strong></span></p></div></div>",
                  "tagName": "mj-text",
                  "uid": "mocked-uuid",
                },
              ],
              "tagName": "mj-column",
              "uid": "mocked-uuid",
            },
          ],
          "layout": 1,
          "paddingBottom": 0,
          "paddingLeft": 0,
          "paddingRight": 0,
          "paddingTop": 0,
          "tagName": "mj-section",
          "uid": "mocked-uuid",
        },
        {
          "attributes": {
            "background-color": "#fbdddd",
            "background-repeat": "no-repeat",
            "background-size": undefined,
            "background-url": "none",
            "css-class": undefined,
            "full-width": false,
            "in-group": false,
            "padding": "0px 0px 0px 0px",
          },
          "backgroundColor": null,
          "backgroundImage": null,
          "children": [
            {
              "attributes": {
                "background-color": "transparent",
                "border-bottom": "0px solid transparent",
                "border-left": "0px solid transparent",
                "border-right": "0px solid transparent",
                "border-top": "0px solid transparent",
                "padding": "5px 0px 5px 0px",
                "vertical-align": "top",
                "width": "25%",
              },
              "children": [
                {
                  "attributes": {
                    "border-color": "transparent",
                    "border-style": "solid",
                    "border-width": "0px",
                    "containerWidth": 170,
                    "css-class": "hide_on_mobile",
                    "padding": "10px 10px 10px 10px",
                    "padding-right": "10px",
                    "padding-top": "10px",
                  },
                  "tagName": "mj-divider",
                  "uid": "mocked-uuid",
                },
              ],
              "tagName": "mj-column",
              "uid": "mocked-uuid",
            },
            {
              "attributes": {
                "background-color": "transparent",
                "border-bottom": "0px solid transparent",
                "border-left": "0px solid transparent",
                "border-right": "0px solid transparent",
                "border-top": "0px solid transparent",
                "padding": "5px 0px 5px 0px",
                "vertical-align": "top",
                "width": "25%",
              },
              "children": [
                {
                  "attributes": {
                    "alt": "Google Play Badge",
                    "containerWidth": 170,
                    "css-class": undefined,
                    "fluid-on-mobile": "false",
                    "href": "www.example.com",
                    "padding": "15px 10px 10px 10px",
                    "src": "https://d1oco4z2z1fhwp.cloudfront.net/templates/default/2221/Google_Play_Badge_US.png",
                    "width": "150px",
                  },
                  "tagName": "mj-image",
                  "uid": "mocked-uuid",
                },
              ],
              "tagName": "mj-column",
              "uid": "mocked-uuid",
            },
            {
              "attributes": {
                "background-color": "transparent",
                "border-bottom": "0px solid transparent",
                "border-left": "0px solid transparent",
                "border-right": "0px solid transparent",
                "border-top": "0px solid transparent",
                "padding": "5px 0px 5px 0px",
                "vertical-align": "top",
                "width": "25%",
              },
              "children": [
                {
                  "attributes": {
                    "alt": "App Store Badge",
                    "containerWidth": 170,
                    "css-class": undefined,
                    "fluid-on-mobile": "false",
                    "href": "www.example.com",
                    "padding": "15px 10px 10px 10px",
                    "src": "https://d1oco4z2z1fhwp.cloudfront.net/templates/default/2221/App_Store_Badge_US_Black.png",
                    "width": "150px",
                  },
                  "tagName": "mj-image",
                  "uid": "mocked-uuid",
                },
              ],
              "tagName": "mj-column",
              "uid": "mocked-uuid",
            },
            {
              "attributes": {
                "background-color": "transparent",
                "border-bottom": "0px solid transparent",
                "border-left": "0px solid transparent",
                "border-right": "0px solid transparent",
                "border-top": "0px solid transparent",
                "padding": "5px 0px 5px 0px",
                "vertical-align": "top",
                "width": "25%",
              },
              "children": [
                {
                  "attributes": {
                    "border-color": "transparent",
                    "border-style": "solid",
                    "border-width": "0px",
                    "containerWidth": 170,
                    "css-class": "hide_on_mobile",
                    "padding": "10px 10px 10px 10px",
                    "padding-right": "10px",
                    "padding-top": "10px",
                  },
                  "tagName": "mj-divider",
                  "uid": "mocked-uuid",
                },
              ],
              "tagName": "mj-column",
              "uid": "mocked-uuid",
            },
          ],
          "layout": 1,
          "paddingBottom": 0,
          "paddingLeft": 0,
          "paddingRight": 0,
          "paddingTop": 0,
          "tagName": "mj-section",
          "uid": "mocked-uuid",
        },
        {
          "attributes": {
            "background-color": "#fbdddd",
            "background-repeat": "no-repeat",
            "background-size": undefined,
            "background-url": "none",
            "css-class": undefined,
            "full-width": false,
            "in-group": false,
            "padding": "0px 0px 0px 0px",
          },
          "backgroundColor": null,
          "backgroundImage": null,
          "children": [
            {
              "attributes": {
                "background-color": "transparent",
                "border-bottom": "0px solid transparent",
                "border-left": "0px solid transparent",
                "border-right": "0px solid transparent",
                "border-top": "0px solid transparent",
                "padding": "5px 0px 0px 0px",
                "vertical-align": "top",
                "width": "100%",
              },
              "children": [
                {
                  "attributes": {
                    "alt": "Phone showing app",
                    "containerWidth": 680,
                    "css-class": undefined,
                    "fluid-on-mobile": "true",
                    "href": "www.example.com",
                    "padding": "0px 0px 0px 0px",
                    "src": "https://d1oco4z2z1fhwp.cloudfront.net/templates/default/2221/iphone_insta_1.png",
                    "width": "510px",
                  },
                  "tagName": "mj-image",
                  "uid": "mocked-uuid",
                },
              ],
              "tagName": "mj-column",
              "uid": "mocked-uuid",
            },
          ],
          "layout": 1,
          "paddingBottom": 0,
          "paddingLeft": 0,
          "paddingRight": 0,
          "paddingTop": 0,
          "tagName": "mj-section",
          "uid": "mocked-uuid",
        },
        {
          "attributes": {
            "background-color": "transparent",
            "background-repeat": "no-repeat",
            "background-size": undefined,
            "background-url": "none",
            "css-class": undefined,
            "full-width": false,
            "in-group": false,
            "padding": "0px 0px 0px 0px",
          },
          "backgroundColor": null,
          "backgroundImage": null,
          "children": [
            {
              "attributes": {
                "background-color": "transparent",
                "border-bottom": "0px solid transparent",
                "border-left": "0px solid transparent",
                "border-right": "0px solid transparent",
                "border-top": "0px solid transparent",
                "padding": "5px 0px 5px 0px",
                "vertical-align": "top",
                "width": "33.333333333333336%",
              },
              "children": [
                {
                  "attributes": {
                    "border-color": "transparent",
                    "border-style": "solid",
                    "border-width": "0px",
                    "containerWidth": 226.66666666666666,
                    "css-class": "hide_on_mobile",
                    "padding": "10px 10px 10px 10px",
                    "padding-right": "10px",
                    "padding-top": "10px",
                  },
                  "tagName": "mj-divider",
                  "uid": "mocked-uuid",
                },
              ],
              "tagName": "mj-column",
              "uid": "mocked-uuid",
            },
            {
              "attributes": {
                "background-color": "transparent",
                "border-bottom": "0px solid transparent",
                "border-left": "0px solid transparent",
                "border-right": "0px solid transparent",
                "border-top": "0px solid transparent",
                "padding": "5px 0px 5px 0px",
                "vertical-align": "top",
                "width": "33.333333333333336%",
              },
              "children": [
                {
                  "attributes": {
                    "border-color": "transparent",
                    "border-style": "solid",
                    "border-width": "0px",
                    "containerWidth": 226.66666666666666,
                    "css-class": undefined,
                    "padding": "10px 10px 10px 10px",
                    "padding-right": "10px",
                    "padding-top": "10px",
                  },
                  "tagName": "mj-divider",
                  "uid": "mocked-uuid",
                },
                {
                  "attributes": {
                    "alt": "Logo",
                    "containerWidth": 226.66666666666666,
                    "css-class": undefined,
                    "fluid-on-mobile": "false",
                    "href": "www.example.com",
                    "padding": "0px 0px 5px 0px",
                    "src": "https://d1oco4z2z1fhwp.cloudfront.net/templates/default/2221/Your_Logo.png",
                    "width": "113.33333333333331px",
                  },
                  "tagName": "mj-image",
                  "uid": "mocked-uuid",
                },
              ],
              "tagName": "mj-column",
              "uid": "mocked-uuid",
            },
            {
              "attributes": {
                "background-color": "transparent",
                "border-bottom": "0px solid transparent",
                "border-left": "0px solid transparent",
                "border-right": "0px solid transparent",
                "border-top": "0px solid transparent",
                "padding": "5px 0px 5px 0px",
                "vertical-align": "top",
                "width": "33.333333333333336%",
              },
              "children": [
                {
                  "attributes": {
                    "border-color": "transparent",
                    "border-style": "solid",
                    "border-width": "0px",
                    "containerWidth": 226.66666666666666,
                    "css-class": undefined,
                    "padding": "10px 10px 10px 10px",
                    "padding-right": "10px",
                    "padding-top": "10px",
                  },
                  "tagName": "mj-divider",
                  "uid": "mocked-uuid",
                },
              ],
              "tagName": "mj-column",
              "uid": "mocked-uuid",
            },
          ],
          "layout": 1,
          "paddingBottom": 0,
          "paddingLeft": 0,
          "paddingRight": 0,
          "paddingTop": 0,
          "tagName": "mj-section",
          "uid": "mocked-uuid",
        },
        {
          "attributes": {
            "background-color": "#ffffff",
            "background-repeat": "no-repeat",
            "background-size": undefined,
            "background-url": "none",
            "css-class": undefined,
            "full-width": false,
            "in-group": false,
            "padding": "0px 0px 0px 0px",
          },
          "backgroundColor": null,
          "backgroundImage": null,
          "children": [
            {
              "attributes": {
                "background-color": "transparent",
                "border-bottom": "0px solid transparent",
                "border-left": "0px solid transparent",
                "border-right": "0px solid transparent",
                "border-top": "0px solid transparent",
                "padding": "5px 0px 5px 0px",
                "vertical-align": "top",
                "width": "100%",
              },
              "children": [
                {
                  "attributes": {
                    "align": "left",
                    "containerWidth": 680,
                    "css-class": undefined,
                    "line-height": 2,
                    "padding": "0px 20px 10px 20px",
                  },
                  "content": "<div style=\\"color:#413c80;\\"><div class=\\"txtTinyMce-wrapper\\" style=\\"line-height: 24px; font-size: 12px;\\" data-mce-style=\\"line-height: 24px; font-size: 12px;\\"><p style=\\"font-size: 14px; line-height: 28px; word-break: break-word; text-align: center;\\" data-mce-style=\\"font-size: 14px; line-height: 28px; word-break: break-word; text-align: center;\\"><span style=\\"line-height: 24px;\\" data-mce-style=\\"line-height: 24px;\\">Lorem ipsum dolor sit amet, consectetuer adipiscing elit. </span></p><p style=\\"font-size: 14px; line-height: 28px; word-break: break-word; text-align: center;\\" data-mce-style=\\"font-size: 14px; line-height: 28px; word-break: break-word; text-align: center;\\"><span style=\\"line-height: 24px;\\" data-mce-style=\\"line-height: 24px;\\">Aenean commodo ligula eget dolor. Aenean massa. </span></p></div></div>",
                  "tagName": "mj-text",
                  "uid": "mocked-uuid",
                },
              ],
              "tagName": "mj-column",
              "uid": "mocked-uuid",
            },
          ],
          "layout": 1,
          "paddingBottom": 0,
          "paddingLeft": 0,
          "paddingRight": 0,
          "paddingTop": 0,
          "tagName": "mj-section",
          "uid": "mocked-uuid",
        },
      ],
      "tagName": "mj-body",
    },
  ],
  "fonts": [
    "Verdana, Geneva, sans-serif",
  ],
  "style": {
    "a": {
      "color": "#0068A5",
    },
    "h1": {
      "font-family": "Verdana, Geneva, sans-serif",
      "font-size": "22px",
    },
    "h2": {
      "font-family": "Verdana, Geneva, sans-serif",
      "font-size": "17px",
    },
    "h3": {
      "font-family": "Verdana, Geneva, sans-serif",
      "font-size": "13px",
    },
    "li": {
      "font-family": "Verdana, Geneva, sans-serif",
      "font-size": "11px",
    },
    "ol": {
      "font-family": "Verdana, Geneva, sans-serif",
      "font-size": "11px",
    },
    "p": {
      "font-family": "Verdana, Geneva, sans-serif",
      "font-size": "11px",
    },
    "ul": {
      "font-family": "Verdana, Geneva, sans-serif",
      "font-size": "11px",
    },
  },
  "tagName": "mj-global-style",
}
`;
